
> farray's-international-dance-center@0.0.0 build
> npm run update:sitemap && vite build && node prerender.mjs


> farray's-international-dance-center@0.0.0 update:sitemap
> node scripts/update-sitemap.mjs

📝 Updating sitemap.xml with current date...
✅ Updated 32 <lastmod> entries to 2025-11-22
📍 Sitemap location: c:\Users\fabio\Desktop\dEFINITIVA\web-local\sitemap.xml
[36mvite v6.4.1 [32mbuilding for production...[36m[39m
[32m✓[39m 0 modules transformed.
[31m✗[39m Build failed in 522ms
[31merror during build:
[31m[vite:build-html] Cannot find package 'babel-plugin-transform-remove-console' imported from c:\Users\fabio\Desktop\dEFINITIVA\web-local\babel-virtual-resolve-base.js[31m
file: [36mc:/Users/fabio/Desktop/dEFINITIVA/web-local/index.html[31m
    at __node_internal_ (c:\Users\fabio\Desktop\dEFINITIVA\web-local\node_modules\@babel\core\lib\vendor\import-meta-resolve.js:224:9)
    at new NodeError (c:\Users\fabio\Desktop\dEFINITIVA\web-local\node_modules\@babel\core\lib\vendor\import-meta-resolve.js:194:5)
    at packageResolve (c:\Users\fabio\Desktop\dEFINITIVA\web-local\node_modules\@babel\core\lib\vendor\import-meta-resolve.js:898:9)
    at moduleResolve (c:\Users\fabio\Desktop\dEFINITIVA\web-local\node_modules\@babel\core\lib\vendor\import-meta-resolve.js:938:18)
    at defaultResolve (c:\Users\fabio\Desktop\dEFINITIVA\web-local\node_modules\@babel\core\lib\vendor\import-meta-resolve.js:1016:15)
    at resolve (c:\Users\fabio\Desktop\dEFINITIVA\web-local\node_modules\@babel\core\lib\vendor\import-meta-resolve.js:1029:12)
    at tryImportMetaResolve (c:\Users\fabio\Desktop\dEFINITIVA\web-local\node_modules\@babel\core\lib\config\files\plugins.js:149:45)
    at resolveStandardizedNameForImport (c:\Users\fabio\Desktop\dEFINITIVA\web-local\node_modules\@babel\core\lib\config\files\plugins.js:174:19)
    at resolveStandardizedName (c:\Users\fabio\Desktop\dEFINITIVA\web-local\node_modules\@babel\core\lib\config\files\plugins.js:186:22)
    at loadPlugin (c:\Users\fabio\Desktop\dEFINITIVA\web-local\node_modules\@babel\core\lib\config\files\plugins.js:56:7)
    at loadPlugin.next (<anonymous>)
    at createDescriptor (c:\Users\fabio\Desktop\dEFINITIVA\web-local\node_modules\@babel\core\lib\config\config-descriptors.js:140:16)
    at createDescriptor.next (<anonymous>)
    at step (c:\Users\fabio\Desktop\dEFINITIVA\web-local\node_modules\gensync\index.js:261:32)
    at evaluateAsync (c:\Users\fabio\Desktop\dEFINITIVA\web-local\node_modules\gensync\index.js:291:5)
    at c:\Users\fabio\Desktop\dEFINITIVA\web-local\node_modules\gensync\index.js:44:11
    at Array.forEach (<anonymous>)
    at Function.async (c:\Users\fabio\Desktop\dEFINITIVA\web-local\node_modules\gensync\index.js:43:15)
    at Function.all (c:\Users\fabio\Desktop\dEFINITIVA\web-local\node_modules\gensync\index.js:216:13)
    at Generator.next (<anonymous>)
    at createDescriptors (c:\Users\fabio\Desktop\dEFINITIVA\web-local\node_modules\@babel\core\lib\config\config-descriptors.js:102:41)
    at createDescriptors.next (<anonymous>)
    at createPluginDescriptors (c:\Users\fabio\Desktop\dEFINITIVA\web-local\node_modules\@babel\core\lib\config\config-descriptors.js:99:17)
    at createPluginDescriptors.next (<anonymous>)
    at c:\Users\fabio\Desktop\dEFINITIVA\web-local\node_modules\@babel\core\lib\config\config-descriptors.js:65:32
    at Generator.next (<anonymous>)
    at Function.<anonymous> (c:\Users\fabio\Desktop\dEFINITIVA\web-local\node_modules\@babel\core\lib\gensync-utils\async.js:21:3)
    at Generator.next (<anonymous>)
    at step (c:\Users\fabio\Desktop\dEFINITIVA\web-local\node_modules\gensync\index.js:269:25)
    at evaluateAsync (c:\Users\fabio\Desktop\dEFINITIVA\web-local\node_modules\gensync\index.js:291:5)
    at Function.errback (c:\Users\fabio\Desktop\dEFINITIVA\web-local\node_modules\gensync\index.js:113:7)
    at errback (c:\Users\fabio\Desktop\dEFINITIVA\web-local\node_modules\@babel\core\lib\gensync-utils\async.js:65:18)
    at async (c:\Users\fabio\Desktop\dEFINITIVA\web-local\node_modules\gensync\index.js:188:17)
    at onFirstPause (c:\Users\fabio\Desktop\dEFINITIVA\web-local\node_modules\gensync\index.js:216:13)
    at Generator.next (<anonymous>)
    at cachedFunction (c:\Users\fabio\Desktop\dEFINITIVA\web-local\node_modules\@babel\core\lib\config\caching.js:52:46)
    at cachedFunction.next (<anonymous>)
    at mergeChainOpts (c:\Users\fabio\Desktop\dEFINITIVA\web-local\node_modules\@babel\core\lib\config\config-chain.js:349:34)
    at mergeChainOpts.next (<anonymous>)
    at chainWalker (c:\Users\fabio\Desktop\dEFINITIVA\web-local\node_modules\@babel\core\lib\config\config-chain.js:316:14)
    at chainWalker.next (<anonymous>)
    at buildRootChain (c:\Users\fabio\Desktop\dEFINITIVA\web-local\node_modules\@babel\core\lib\config\config-chain.js:56:36)
    at buildRootChain.next (<anonymous>)
    at loadPrivatePartialConfig (c:\Users\fabio\Desktop\dEFINITIVA\web-local\node_modules\@babel\core\lib\config\partial.js:72:62)
    at loadPrivatePartialConfig.next (<anonymous>)
    at loadFullConfig (c:\Users\fabio\Desktop\dEFINITIVA\web-local\node_modules\@babel\core\lib\config\full.js:36:46)
    at loadFullConfig.next (<anonymous>)
    at transform (c:\Users\fabio\Desktop\dEFINITIVA\web-local\node_modules\@babel\core\lib\transform.js:20:44)
    at transform.next (<anonymous>)
    at step (c:\Users\fabio\Desktop\dEFINITIVA\web-local\node_modules\gensync\index.js:269:25)
    at evaluateAsync (c:\Users\fabio\Desktop\dEFINITIVA\web-local\node_modules\gensync\index.js:291:5)
    at c:\Users\fabio\Desktop\dEFINITIVA\web-local\node_modules\gensync\index.js:93:9
    at new Promise (<anonymous>)
    at async (c:\Users\fabio\Desktop\dEFINITIVA\web-local\node_modules\gensync\index.js:92:14)
    at stopHiding - secret - don't use this - v1 (c:\Users\fabio\Desktop\dEFINITIVA\web-local\node_modules\@babel\core\lib\errors\rewrite-stack-trace.js:47:12)
    at Module.transformAsync (c:\Users\fabio\Desktop\dEFINITIVA\web-local\node_modules\@babel\core\lib\transform.js:45:77)
    at Object.handler (file:///c:/Users/fabio/Desktop/dEFINITIVA/web-local/node_modules/@vitejs/plugin-react/dist/index.js:206:46)
    at async transform (file:///c:/Users/fabio/Desktop/dEFINITIVA/web-local/node_modules/rollup/dist/es/shared/node-entry.js:21149:16)
    at async ModuleLoader.addModuleSource (file:///c:/Users/fabio/Desktop/dEFINITIVA/web-local/node_modules/rollup/dist/es/shared/node-entry.js:21363:36)[39m
